MO async_fifo NULL ../../async_fifo.v vlg65/async__fifo.bin 1444180130
MO GrayCounter NULL ../../GrayCounter.v vlg7F/_gray_counter.bin 1444180130
AR papilio_one_500k behavioral /home/joseph/DesignLab/sketchbook/libraries/WM8731/circuit/500K/Papilio_One_500K.vhf sub00/vhpl01 1444180144
EN papilio_one_500k NULL /home/joseph/DesignLab/sketchbook/libraries/WM8731/circuit/500K/Papilio_One_500K.vhf sub00/vhpl00 1444180143
