V3 10
FL /home/joseph/DesignLab/sketchbook/libraries/WM8731/circuit/500K/Papilio_One_500K.vhf 2015/10/07.21:37:03 P.28xd
EN work/Papilio_One_500K 1444268242 \
      FL /home/joseph/DesignLab/sketchbook/libraries/WM8731/circuit/500K/Papilio_One_500K.vhf \
      PB ieee/std_logic_1164 1341906176 PB ieee/NUMERIC_STD 1341906182 LB UNISIM \
      PH unisim/VCOMPONENTS 1341906184
AR work/Papilio_One_500K/BEHAVIORAL 1444268243 \
      FL /home/joseph/DesignLab/sketchbook/libraries/WM8731/circuit/500K/Papilio_One_500K.vhf \
      EN work/Papilio_One_500K 1444268242 CP Wing_GPIO CP WM8731 \
      CP Papilio_Default_Wing_Pinout CP ZPUino_Papilio_One_500K_V2 CP i2c
