--------------------------------------------------------------------------------
Release 14.2 Trace  (lin)
Copyright (c) 1995-2012 Xilinx, Inc.  All rights reserved.

/opt/Xilinx/14.2/ISE_DS/ISE/bin/lin/unwrapped/trce -intstyle ise -v 3 -s 5 -n 3
-fastpaths -xml Papilio_One_500K.twx Papilio_One_500K.ncd -o
Papilio_One_500K.twr Papilio_One_500K.pcf

Design file:              Papilio_One_500K.ncd
Physical constraint file: Papilio_One_500K.pcf
Device,package,speed:     xc3s500e,vq100,-5 (PRODUCTION 1.27 2012-07-09)
Report level:             verbose report

Environment Variable      Effect 
--------------------      ------ 
NONE                      No environment variables were set
--------------------------------------------------------------------------------

INFO:Timing:2698 - No timing constraints found, doing default enumeration.
INFO:Timing:3412 - To improve timing, see the Timing Closure User Guide (UG612).
INFO:Timing:2752 - To get complete path coverage, use the unconstrained paths 
   option. All paths that are not constrained will be reported in the 
   unconstrained paths section(s) of the report.
INFO:Timing:3339 - The clock-to-out numbers in this timing report are based on 
   a 50 Ohm transmission line loading model.  For the details of this model, 
   and for more information on accounting for different loading conditions, 
   please see the device datasheet.
INFO:Timing:3390 - This architecture does not support a default System Jitter 
   value, please add SYSTEM_JITTER constraint to the UCF to modify the Clock 
   Uncertainty calculation.
INFO:Timing:3389 - This architecture does not support 'Discrete Jitter' and 
   'Phase Error' calculations, these terms will be zero in the Clock 
   Uncertainty calculation.  Please make appropriate modification to 
   SYSTEM_JITTER to account for the unsupported Discrete Jitter and Phase 
   Error.



Data Sheet report:
-----------------
All values displayed in nanoseconds (ns)

Setup/Hold to clock ext_pins_in<0>
--------------+------------+------------+------------------+--------+
              |Max Setup to|Max Hold to |                  | Clock  |
Source        | clk (edge) | clk (edge) |Internal Clock(s) | Phase  |
--------------+------------+------------+------------------+--------+
WING_AL0      |    2.996(R)|   -1.505(R)|XLXN_408<147>     |   0.000|
WING_AL1      |    3.298(R)|   -1.744(R)|XLXN_408<147>     |   0.000|
WING_AL2      |    3.171(R)|   -1.647(R)|XLXN_408<147>     |   0.000|
WING_AL3      |    3.065(R)|   -1.558(R)|XLXN_408<147>     |   0.000|
WING_AL4      |    2.833(R)|   -1.368(R)|XLXN_408<147>     |   0.000|
WING_AL5      |    3.102(R)|   -1.583(R)|XLXN_408<147>     |   0.000|
WING_AL6      |    3.231(R)|   -1.691(R)|XLXN_408<147>     |   0.000|
WING_AL7      |    3.048(R)|   -1.540(R)|XLXN_408<147>     |   0.000|
WING_BH0      |    2.304(R)|   -0.944(R)|XLXN_408<147>     |   0.000|
WING_BH1      |    3.255(R)|   -1.712(R)|XLXN_408<147>     |   0.000|
WING_BH2      |    2.548(R)|   -1.137(R)|XLXN_408<147>     |   0.000|
WING_BH3      |    2.299(R)|   -0.938(R)|XLXN_408<147>     |   0.000|
WING_BH4      |    2.985(R)|   -1.492(R)|XLXN_408<147>     |   0.000|
WING_BH5      |    2.309(R)|   -0.949(R)|XLXN_408<147>     |   0.000|
WING_BH6      |    3.279(R)|   -1.725(R)|XLXN_408<147>     |   0.000|
WING_BH7      |    2.836(R)|   -1.369(R)|XLXN_408<147>     |   0.000|
WING_BL0      |    2.757(R)|   -1.305(R)|XLXN_408<147>     |   0.000|
WING_BL1      |    3.073(R)|   -1.560(R)|XLXN_408<147>     |   0.000|
WING_BL2      |    2.911(R)|   -1.434(R)|XLXN_408<147>     |   0.000|
WING_BL3      |    2.993(R)|   -1.505(R)|XLXN_408<147>     |   0.000|
WING_BL4      |    3.208(R)|   -1.678(R)|XLXN_408<147>     |   0.000|
WING_BL5      |    3.499(R)|   -1.911(R)|XLXN_408<147>     |   0.000|
WING_BL6      |    2.566(R)|   -1.150(R)|XLXN_408<147>     |   0.000|
WING_BL7      |    2.844(R)|   -1.374(R)|XLXN_408<147>     |   0.000|
WING_CL0      |    2.565(R)|   -1.154(R)|XLXN_408<147>     |   0.000|
WING_CL1      |    3.074(R)|   -1.562(R)|XLXN_408<147>     |   0.000|
WING_CL2      |    2.327(R)|   -0.967(R)|XLXN_408<147>     |   0.000|
WING_CL3      |    2.834(R)|   -1.375(R)|XLXN_408<147>     |   0.000|
WING_CL4      |    3.061(R)|   -1.548(R)|XLXN_408<147>     |   0.000|
WING_CL5      |    2.730(R)|   -1.278(R)|XLXN_408<147>     |   0.000|
WING_CL6      |    3.314(R)|   -1.755(R)|XLXN_408<147>     |   0.000|
WING_CL7      |    2.668(R)|   -1.238(R)|XLXN_408<147>     |   0.000|
ext_pins_in<1>|    2.653(R)|   -0.938(R)|XLXN_408<147>     |   0.000|
ext_pins_in<2>|    2.603(R)|   -0.898(R)|XLXN_408<147>     |   0.000|
--------------+------------+------------+------------------+--------+

Clock ext_pins_in<0> to Pad
---------------+------------+------------------+--------+
               | clk (edge) |                  | Clock  |
Destination    |   to PAD   |Internal Clock(s) | Phase  |
---------------+------------+------------------+--------+
WING_AL0       |    5.639(R)|XLXN_408<147>     |   0.000|
WING_AL1       |    6.658(R)|XLXN_408<147>     |   0.000|
WING_AL2       |    5.752(R)|XLXN_408<147>     |   0.000|
WING_AL3       |    5.460(R)|XLXN_408<147>     |   0.000|
WING_AL4       |    5.245(R)|XLXN_408<147>     |   0.000|
WING_AL5       |    5.804(R)|XLXN_408<147>     |   0.000|
WING_AL6       |    6.404(R)|XLXN_408<147>     |   0.000|
WING_AL7       |    5.945(R)|XLXN_408<147>     |   0.000|
WING_BH0       |    5.771(R)|XLXN_408<147>     |   0.000|
WING_BH1       |    6.364(R)|XLXN_408<147>     |   0.000|
WING_BH2       |    5.466(R)|XLXN_408<147>     |   0.000|
WING_BH3       |    5.256(R)|XLXN_408<147>     |   0.000|
WING_BH4       |    5.878(R)|XLXN_408<147>     |   0.000|
WING_BH5       |    5.051(R)|XLXN_408<147>     |   0.000|
WING_BH6       |    5.883(R)|XLXN_408<147>     |   0.000|
WING_BH7       |    6.048(R)|XLXN_408<147>     |   0.000|
WING_BL0       |    5.392(R)|XLXN_408<147>     |   0.000|
WING_BL1       |    4.995(R)|XLXN_408<147>     |   0.000|
WING_BL2       |    5.698(R)|XLXN_408<147>     |   0.000|
WING_BL3       |    5.589(R)|XLXN_408<147>     |   0.000|
WING_BL4       |    5.604(R)|XLXN_408<147>     |   0.000|
WING_BL5       |    5.382(R)|XLXN_408<147>     |   0.000|
WING_BL6       |    5.743(R)|XLXN_408<147>     |   0.000|
WING_BL7       |    5.609(R)|XLXN_408<147>     |   0.000|
WING_CH1       |    5.488(R)|XLXN_408<147>     |   0.000|
WING_CH2       |    5.691(R)|XLXN_408<147>     |   0.000|
WING_CH3       |    6.005(R)|XLXN_408<147>     |   0.000|
WING_CH4       |    6.321(R)|XLXN_408<147>     |   0.000|
WING_CH5       |    6.043(R)|XLXN_408<147>     |   0.000|
WING_CH6       |    6.038(R)|XLXN_408<147>     |   0.000|
WING_CH7       |    6.422(R)|XLXN_408<147>     |   0.000|
WING_CL0       |    5.263(R)|XLXN_408<147>     |   0.000|
WING_CL1       |    4.977(R)|XLXN_408<147>     |   0.000|
WING_CL2       |    5.448(R)|XLXN_408<147>     |   0.000|
WING_CL3       |    5.216(R)|XLXN_408<147>     |   0.000|
WING_CL4       |    5.625(R)|XLXN_408<147>     |   0.000|
WING_CL5       |    5.623(R)|XLXN_408<147>     |   0.000|
WING_CL6       |    5.795(R)|XLXN_408<147>     |   0.000|
WING_CL7       |    5.851(R)|XLXN_408<147>     |   0.000|
ext_pins_out<0>|    5.726(R)|XLXN_408<147>     |   0.000|
ext_pins_out<1>|    5.782(R)|XLXN_408<147>     |   0.000|
ext_pins_out<2>|    6.044(R)|XLXN_408<147>     |   0.000|
ext_pins_out<3>|    4.786(R)|XLXN_408<147>     |   0.000|
---------------+------------+------------------+--------+

Clock to Setup on destination clock ext_pins_in<0>
---------------+---------+---------+---------+---------+
               | Src:Rise| Src:Fall| Src:Rise| Src:Fall|
Source Clock   |Dest:Rise|Dest:Rise|Dest:Fall|Dest:Fall|
---------------+---------+---------+---------+---------+
ext_pins_in<0> |    8.909|         |         |         |
---------------+---------+---------+---------+---------+

Pad to Pad
---------------+---------------+---------+
Source Pad     |Destination Pad|  Delay  |
---------------+---------------+---------+
ext_pins_in<0> |WING_CH0       |    5.024|
---------------+---------------+---------+


Analysis completed Tue Mar  1 22:35:17 2016 
--------------------------------------------------------------------------------

Trace Settings:
-------------------------
Trace Settings 

Peak Memory Usage: 140 MB



