EN i2c_master_bit_ctrl NULL /home/joseph/DesignLab/sketchbook/libraries/i2c/Chip_Designer/../../../../libraries/ZPUino_Wishbone_Peripherals/i2c_master_bit_ctrl.vhd sub00/vhpl00 1443926985
AR i2c_master_byte_ctrl structural /home/joseph/DesignLab/sketchbook/libraries/i2c/Chip_Designer/../../../../libraries/ZPUino_Wishbone_Peripherals/i2c_master_byte_ctrl.vhd sub00/vhpl03 1443926988
EN i2c_master_byte_ctrl NULL /home/joseph/DesignLab/sketchbook/libraries/i2c/Chip_Designer/../../../../libraries/ZPUino_Wishbone_Peripherals/i2c_master_byte_ctrl.vhd sub00/vhpl02 1443926987
AR i2c_master_bit_ctrl structural /home/joseph/DesignLab/sketchbook/libraries/i2c/Chip_Designer/../../../../libraries/ZPUino_Wishbone_Peripherals/i2c_master_bit_ctrl.vhd sub00/vhpl01 1443926986
