AR wing_gpio behavioral /home/joseph/DesignLab/libraries/Papilio_Hardware/Wing_GPIO.vhd sub00/vhpl18 1456889083
AR bus8 behavioral /home/joseph/DesignLab/libraries/Building_Blocks/bus8.vhd sub00/vhpl14 1456889079
AR zpuino_phase_shifter arch /home/joseph/DesignLab/sketchbook/libraries/PSK31/phase_shifter.vhd sub00/vhpl03 1456889066
EN zpuino_dds_acc NULL /home/joseph/DesignLab/sketchbook/libraries/PSK31/dds_acc.vhd sub00/vhpl00 1456889063
EN zpuino_papilio_one_500k_v2 NULL /home/joseph/DesignLab/libraries/ZPUino_2/ZPUino_Papilio_One_500K_V2.vhd sub00/vhpl19 1456889084
EN wing_gpio NULL /home/joseph/DesignLab/libraries/Papilio_Hardware/Wing_GPIO.vhd sub00/vhpl17 1456889082
EN zpuino_phase_shifter NULL /home/joseph/DesignLab/sketchbook/libraries/PSK31/phase_shifter.vhd sub00/vhpl02 1456889065
AR zpuino_papilio_one_500k_v2 behave /home/joseph/DesignLab/libraries/ZPUino_2/ZPUino_Papilio_One_500K_V2.vhd sub00/vhpl20 1456889085
AR isync behave /home/joseph/DesignLab/libraries/ZPUino_2/pad.vhd sub00/vhpl06 1456889069
AR zpuino_dds_acc arch /home/joseph/DesignLab/sketchbook/libraries/PSK31/dds_acc.vhd sub00/vhpl01 1456889064
EN opad NULL /home/joseph/DesignLab/libraries/ZPUino_2/pad.vhd sub00/vhpl11 1456889074
EN papilio_default_wing_pinout NULL /home/joseph/DesignLab/libraries/Papilio_Hardware/Papilio_Default_Wing_Pinout.vhd sub00/vhpl15 1456889080
EN iopad NULL /home/joseph/DesignLab/libraries/ZPUino_2/pad.vhd sub00/vhpl07 1456889070
AR opad behave /home/joseph/DesignLab/libraries/ZPUino_2/pad.vhd sub00/vhpl12 1456889075
PH pad NULL /home/joseph/DesignLab/libraries/ZPUino_2/pad.vhd sub00/vhpl04 1456889067
EN isync NULL /home/joseph/DesignLab/libraries/ZPUino_2/pad.vhd sub00/vhpl05 1456889068
EN ipad NULL /home/joseph/DesignLab/libraries/ZPUino_2/pad.vhd sub00/vhpl09 1456889072
AR cordic_nco behavioral /home/joseph/DesignLab/sketchbook/libraries/CORDIC_NCO/CORDIC_NCO.vhd sub00/vhpl22 1456889087
EN cordic_nco NULL /home/joseph/DesignLab/sketchbook/libraries/CORDIC_NCO/CORDIC_NCO.vhd sub00/vhpl21 1456889086
EN bus8 NULL /home/joseph/DesignLab/libraries/Building_Blocks/bus8.vhd sub00/vhpl13 1456889078
AR iopad behave /home/joseph/DesignLab/libraries/ZPUino_2/pad.vhd sub00/vhpl08 1456889071
AR ipad behave /home/joseph/DesignLab/libraries/ZPUino_2/pad.vhd sub00/vhpl10 1456889073
AR papilio_default_wing_pinout behavioral /home/joseph/DesignLab/libraries/Papilio_Hardware/Papilio_Default_Wing_Pinout.vhd sub00/vhpl16 1456889081
