AR wing_gpio behavioral /home/joseph/DesignLab/libraries/Papilio_Hardware/Wing_GPIO.vhd sub00/vhpl18 1444525211
AR bus8 behavioral /home/joseph/DesignLab/libraries/Building_Blocks/bus8.vhd sub00/vhpl14 1444525207
AR zpuino_phase_shifter arch /home/joseph/DesignLab/sketchbook/libraries/PSK31/phase_shifter.vhd sub00/vhpl03 1444525194
EN zpuino_dds_acc NULL /home/joseph/DesignLab/sketchbook/libraries/PSK31/dds_acc.vhd sub00/vhpl00 1444525191
EN zpuino_papilio_one_500k_v2 NULL /home/joseph/DesignLab/libraries/ZPUino_2/ZPUino_Papilio_One_500K_V2.vhd sub00/vhpl19 1444525212
EN wing_gpio NULL /home/joseph/DesignLab/libraries/Papilio_Hardware/Wing_GPIO.vhd sub00/vhpl17 1444525210
EN zpuino_phase_shifter NULL /home/joseph/DesignLab/sketchbook/libraries/PSK31/phase_shifter.vhd sub00/vhpl02 1444525193
AR zpuino_papilio_one_500k_v2 behave /home/joseph/DesignLab/libraries/ZPUino_2/ZPUino_Papilio_One_500K_V2.vhd sub00/vhpl20 1444525213
AR isync behave /home/joseph/DesignLab/libraries/ZPUino_2/pad.vhd sub00/vhpl06 1444525197
AR zpuino_dds_acc arch /home/joseph/DesignLab/sketchbook/libraries/PSK31/dds_acc.vhd sub00/vhpl01 1444525192
EN opad NULL /home/joseph/DesignLab/libraries/ZPUino_2/pad.vhd sub00/vhpl11 1444525202
EN papilio_default_wing_pinout NULL /home/joseph/DesignLab/libraries/Papilio_Hardware/Papilio_Default_Wing_Pinout.vhd sub00/vhpl15 1444525208
EN iopad NULL /home/joseph/DesignLab/libraries/ZPUino_2/pad.vhd sub00/vhpl07 1444525198
AR opad behave /home/joseph/DesignLab/libraries/ZPUino_2/pad.vhd sub00/vhpl12 1444525203
PH pad NULL /home/joseph/DesignLab/libraries/ZPUino_2/pad.vhd sub00/vhpl04 1444525195
EN isync NULL /home/joseph/DesignLab/libraries/ZPUino_2/pad.vhd sub00/vhpl05 1444525196
EN ipad NULL /home/joseph/DesignLab/libraries/ZPUino_2/pad.vhd sub00/vhpl09 1444525200
AR cordic_nco behavioral /home/joseph/DesignLab/sketchbook/libraries/CORDIC_NCO/CORDIC_NCO.vhd sub00/vhpl22 1444525215
EN cordic_nco NULL /home/joseph/DesignLab/sketchbook/libraries/CORDIC_NCO/CORDIC_NCO.vhd sub00/vhpl21 1444525214
EN bus8 NULL /home/joseph/DesignLab/libraries/Building_Blocks/bus8.vhd sub00/vhpl13 1444525206
AR iopad behave /home/joseph/DesignLab/libraries/ZPUino_2/pad.vhd sub00/vhpl08 1444525199
AR ipad behave /home/joseph/DesignLab/libraries/ZPUino_2/pad.vhd sub00/vhpl10 1444525201
AR papilio_default_wing_pinout behavioral /home/joseph/DesignLab/libraries/Papilio_Hardware/Papilio_Default_Wing_Pinout.vhd sub00/vhpl16 1444525209
