V3 44
FL /home/joseph/DesignLab/libraries/Building_Blocks/bus8.vhd 2015/04/01.17:16:57 P.28xd
EN DesignLab/bus8 1444518614 \
      FL /home/joseph/DesignLab/libraries/Building_Blocks/bus8.vhd \
      PB ieee/std_logic_1164 1341906176 PB ieee/NUMERIC_STD 1341906182 LB UNISIM \
      PH unisim/VCOMPONENTS 1341906184
AR DesignLab/bus8/BEHAVIORAL 1444518615 \
      FL /home/joseph/DesignLab/libraries/Building_Blocks/bus8.vhd \
      EN DesignLab/bus8 1444518614
FL /home/joseph/DesignLab/libraries/Papilio_Hardware/Papilio_Default_Wing_Pinout.vhd 2015/04/01.17:16:57 P.28xd
EN DesignLab/Papilio_Default_Wing_Pinout 1444518616 \
      FL /home/joseph/DesignLab/libraries/Papilio_Hardware/Papilio_Default_Wing_Pinout.vhd \
      PB ieee/std_logic_1164 1341906176 PB ieee/NUMERIC_STD 1341906182 LB UNISIM \
      PH unisim/VCOMPONENTS 1341906184
AR DesignLab/Papilio_Default_Wing_Pinout/BEHAVIORAL 1444518617 \
      FL /home/joseph/DesignLab/libraries/Papilio_Hardware/Papilio_Default_Wing_Pinout.vhd \
      EN DesignLab/Papilio_Default_Wing_Pinout 1444518616 CP IOPAD
FL /home/joseph/DesignLab/libraries/Papilio_Hardware/Wing_GPIO.vhd 2015/04/01.17:16:57 P.28xd
EN DesignLab/Wing_GPIO 1444518618 \
      FL /home/joseph/DesignLab/libraries/Papilio_Hardware/Wing_GPIO.vhd \
      PB ieee/std_logic_1164 1341906176
AR DesignLab/Wing_GPIO/Behavioral 1444518619 \
      FL /home/joseph/DesignLab/libraries/Papilio_Hardware/Wing_GPIO.vhd \
      EN DesignLab/Wing_GPIO 1444518618
FL /home/joseph/DesignLab/libraries/ZPUino_2/pad.vhd 2015/04/01.17:16:58 P.28xd
PH DesignLab/pad 1444518603 FL /home/joseph/DesignLab/libraries/ZPUino_2/pad.vhd \
      PB ieee/std_logic_1164 1341906176 PB ieee/NUMERIC_STD 1341906182 LB UNISIM \
      PH unisim/VCOMPONENTS 1341906184 CD iopad CD ipad CD opad CD isync
EN DesignLab/isync 1444518604 \
      FL /home/joseph/DesignLab/libraries/ZPUino_2/pad.vhd PB ieee/std_logic_1164 1341906176 \
      PB ieee/NUMERIC_STD 1341906182 LB UNISIM PH unisim/VCOMPONENTS 1341906184
AR DesignLab/isync/behave 1444518605 \
      FL /home/joseph/DesignLab/libraries/ZPUino_2/pad.vhd EN DesignLab/isync 1444518604 \
      CP FD
EN DesignLab/iopad 1444518606 \
      FL /home/joseph/DesignLab/libraries/ZPUino_2/pad.vhd PB ieee/std_logic_1164 1341906176 \
      PB ieee/NUMERIC_STD 1341906182 PH DesignLab/pad 1444518603 LB UNISIM \
      PH unisim/VCOMPONENTS 1341906184
AR DesignLab/iopad/behave 1444518607 \
      FL /home/joseph/DesignLab/libraries/ZPUino_2/pad.vhd EN DesignLab/iopad 1444518606 \
      CP isync
EN DesignLab/ipad 1444518608 \
      FL /home/joseph/DesignLab/libraries/ZPUino_2/pad.vhd PB ieee/std_logic_1164 1341906176 \
      PB ieee/NUMERIC_STD 1341906182 PH DesignLab/pad 1444518603 LB UNISIM \
      PH unisim/VCOMPONENTS 1341906184
AR DesignLab/ipad/behave 1444518609 \
      FL /home/joseph/DesignLab/libraries/ZPUino_2/pad.vhd EN DesignLab/ipad 1444518608 \
      CP isync
EN DesignLab/opad 1444518610 \
      FL /home/joseph/DesignLab/libraries/ZPUino_2/pad.vhd PB ieee/std_logic_1164 1341906176 \
      PB ieee/NUMERIC_STD 1341906182 PH DesignLab/pad 1444518603 LB UNISIM \
      PH unisim/VCOMPONENTS 1341906184
AR DesignLab/opad/behave 1444518611 \
      FL /home/joseph/DesignLab/libraries/ZPUino_2/pad.vhd EN DesignLab/opad 1444518610 \
      CP OBUF
FL /home/joseph/DesignLab/libraries/ZPUino_2/ZPUino_Papilio_One_500K_V2.vhd 2015/04/01.17:16:58 P.28xd
EN DesignLab/ZPUino_Papilio_One_500K_V2 1444518620 \
      FL /home/joseph/DesignLab/libraries/ZPUino_2/ZPUino_Papilio_One_500K_V2.vhd \
      PB ieee/std_logic_1164 1341906176 PB ieee/NUMERIC_STD 1341906182
AR DesignLab/ZPUino_Papilio_One_500K_V2/behave 1444518621 \
      FL /home/joseph/DesignLab/libraries/ZPUino_2/ZPUino_Papilio_One_500K_V2.vhd \
      EN DesignLab/ZPUino_Papilio_One_500K_V2 1444518620 \
      CP ZPUino_Papilio_One_V2_blackbox
FL /home/joseph/DesignLab/sketchbook/libraries/CORDIC_NCO/CORDIC_NCO.vhd 2015/10/10.17:21:26 P.28xd
EN DesignLab/CORDIC_NCO 1444518622 \
      FL /home/joseph/DesignLab/sketchbook/libraries/CORDIC_NCO/CORDIC_NCO.vhd \
      PB ieee/std_logic_1164 1341906176 PB ieee/NUMERIC_STD 1341906182 \
      PB ieee/MATH_REAL 1341906183 PB ieee/std_logic_misc 1341906178 PB std/TEXTIO 1341906175 \
      LB UNISIM PH unisim/VCOMPONENTS 1341906184 LB DesignLab
AR DesignLab/CORDIC_NCO/BEHAVIORAL 1444518623 \
      FL /home/joseph/DesignLab/sketchbook/libraries/CORDIC_NCO/CORDIC_NCO.vhd \
      EN DesignLab/CORDIC_NCO 1444518622 CP zpuino_dds_acc CP zpuino_phase_shifter
FL /home/joseph/DesignLab/sketchbook/libraries/PSK31/dds_acc.vhd 2015/09/27.16:13:09 P.28xd
EN DesignLab/zpuino_dds_acc 1444518599 \
      FL /home/joseph/DesignLab/sketchbook/libraries/PSK31/dds_acc.vhd \
      PB ieee/std_logic_1164 1341906176 PB ieee/NUMERIC_STD 1341906182 \
      PB ieee/MATH_REAL 1341906183
AR DesignLab/zpuino_dds_acc/arch 1444518600 \
      FL /home/joseph/DesignLab/sketchbook/libraries/PSK31/dds_acc.vhd \
      EN DesignLab/zpuino_dds_acc 1444518599
FL /home/joseph/DesignLab/sketchbook/libraries/PSK31/phase_shifter.vhd 2015/09/27.16:17:05 P.28xd
EN DesignLab/zpuino_phase_shifter 1444518601 \
      FL /home/joseph/DesignLab/sketchbook/libraries/PSK31/phase_shifter.vhd \
      PB ieee/std_logic_1164 1341906176 PB ieee/NUMERIC_STD 1341906182 \
      PB ieee/MATH_REAL 1341906183 PB ieee/std_logic_misc 1341906178
AR DesignLab/zpuino_phase_shifter/arch 1444518602 \
      FL /home/joseph/DesignLab/sketchbook/libraries/PSK31/phase_shifter.vhd \
      EN DesignLab/zpuino_phase_shifter 1444518601
