V3 44
FL /home/joseph/DesignLab/libraries/Building_Blocks/bus8.vhd 2015/04/01.17:16:57 P.28xd
EN DesignLab/bus8 1456889078 \
      FL /home/joseph/DesignLab/libraries/Building_Blocks/bus8.vhd \
      PB ieee/std_logic_1164 1341906176 PB ieee/NUMERIC_STD 1341906182 LB UNISIM \
      PH unisim/VCOMPONENTS 1341906184
AR DesignLab/bus8/BEHAVIORAL 1456889079 \
      FL /home/joseph/DesignLab/libraries/Building_Blocks/bus8.vhd \
      EN DesignLab/bus8 1456889078
FL /home/joseph/DesignLab/libraries/Papilio_Hardware/Papilio_Default_Wing_Pinout.vhd 2015/04/01.17:16:57 P.28xd
EN DesignLab/Papilio_Default_Wing_Pinout 1456889080 \
      FL /home/joseph/DesignLab/libraries/Papilio_Hardware/Papilio_Default_Wing_Pinout.vhd \
      PB ieee/std_logic_1164 1341906176 PB ieee/NUMERIC_STD 1341906182 LB UNISIM \
      PH unisim/VCOMPONENTS 1341906184
AR DesignLab/Papilio_Default_Wing_Pinout/BEHAVIORAL 1456889081 \
      FL /home/joseph/DesignLab/libraries/Papilio_Hardware/Papilio_Default_Wing_Pinout.vhd \
      EN DesignLab/Papilio_Default_Wing_Pinout 1456889080 CP IOPAD
FL /home/joseph/DesignLab/libraries/Papilio_Hardware/Wing_GPIO.vhd 2015/04/01.17:16:57 P.28xd
EN DesignLab/Wing_GPIO 1456889082 \
      FL /home/joseph/DesignLab/libraries/Papilio_Hardware/Wing_GPIO.vhd \
      PB ieee/std_logic_1164 1341906176
AR DesignLab/Wing_GPIO/Behavioral 1456889083 \
      FL /home/joseph/DesignLab/libraries/Papilio_Hardware/Wing_GPIO.vhd \
      EN DesignLab/Wing_GPIO 1456889082
FL /home/joseph/DesignLab/libraries/ZPUino_2/pad.vhd 2015/04/01.17:16:58 P.28xd
PH DesignLab/pad 1456889067 FL /home/joseph/DesignLab/libraries/ZPUino_2/pad.vhd \
      PB ieee/std_logic_1164 1341906176 PB ieee/NUMERIC_STD 1341906182 LB UNISIM \
      PH unisim/VCOMPONENTS 1341906184 CD iopad CD ipad CD opad CD isync
EN DesignLab/isync 1456889068 \
      FL /home/joseph/DesignLab/libraries/ZPUino_2/pad.vhd PB ieee/std_logic_1164 1341906176 \
      PB ieee/NUMERIC_STD 1341906182 LB UNISIM PH unisim/VCOMPONENTS 1341906184
AR DesignLab/isync/behave 1456889069 \
      FL /home/joseph/DesignLab/libraries/ZPUino_2/pad.vhd EN DesignLab/isync 1456889068 \
      CP FD
EN DesignLab/iopad 1456889070 \
      FL /home/joseph/DesignLab/libraries/ZPUino_2/pad.vhd PB ieee/std_logic_1164 1341906176 \
      PB ieee/NUMERIC_STD 1341906182 PH DesignLab/pad 1456889067 LB UNISIM \
      PH unisim/VCOMPONENTS 1341906184
AR DesignLab/iopad/behave 1456889071 \
      FL /home/joseph/DesignLab/libraries/ZPUino_2/pad.vhd EN DesignLab/iopad 1456889070 \
      CP isync
EN DesignLab/ipad 1456889072 \
      FL /home/joseph/DesignLab/libraries/ZPUino_2/pad.vhd PB ieee/std_logic_1164 1341906176 \
      PB ieee/NUMERIC_STD 1341906182 PH DesignLab/pad 1456889067 LB UNISIM \
      PH unisim/VCOMPONENTS 1341906184
AR DesignLab/ipad/behave 1456889073 \
      FL /home/joseph/DesignLab/libraries/ZPUino_2/pad.vhd EN DesignLab/ipad 1456889072 \
      CP isync
EN DesignLab/opad 1456889074 \
      FL /home/joseph/DesignLab/libraries/ZPUino_2/pad.vhd PB ieee/std_logic_1164 1341906176 \
      PB ieee/NUMERIC_STD 1341906182 PH DesignLab/pad 1456889067 LB UNISIM \
      PH unisim/VCOMPONENTS 1341906184
AR DesignLab/opad/behave 1456889075 \
      FL /home/joseph/DesignLab/libraries/ZPUino_2/pad.vhd EN DesignLab/opad 1456889074 \
      CP OBUF
FL /home/joseph/DesignLab/libraries/ZPUino_2/ZPUino_Papilio_One_500K_V2.vhd 2015/04/01.17:16:58 P.28xd
EN DesignLab/ZPUino_Papilio_One_500K_V2 1456889084 \
      FL /home/joseph/DesignLab/libraries/ZPUino_2/ZPUino_Papilio_One_500K_V2.vhd \
      PB ieee/std_logic_1164 1341906176 PB ieee/NUMERIC_STD 1341906182
AR DesignLab/ZPUino_Papilio_One_500K_V2/behave 1456889085 \
      FL /home/joseph/DesignLab/libraries/ZPUino_2/ZPUino_Papilio_One_500K_V2.vhd \
      EN DesignLab/ZPUino_Papilio_One_500K_V2 1456889084 \
      CP ZPUino_Papilio_One_V2_blackbox
FL /home/joseph/DesignLab/sketchbook/libraries/CORDIC_NCO/CORDIC_NCO.vhd 2016/03/01.18:11:43 P.28xd
EN DesignLab/CORDIC_NCO 1456889086 \
      FL /home/joseph/DesignLab/sketchbook/libraries/CORDIC_NCO/CORDIC_NCO.vhd \
      PB ieee/std_logic_1164 1341906176 PB ieee/NUMERIC_STD 1341906182 \
      PB ieee/MATH_REAL 1341906183 PB ieee/std_logic_misc 1341906178 PB std/TEXTIO 1341906175 \
      LB UNISIM PH unisim/VCOMPONENTS 1341906184 LB DesignLab
AR DesignLab/CORDIC_NCO/BEHAVIORAL 1456889087 \
      FL /home/joseph/DesignLab/sketchbook/libraries/CORDIC_NCO/CORDIC_NCO.vhd \
      EN DesignLab/CORDIC_NCO 1456889086 CP zpuino_dds_acc CP zpuino_phase_shifter
FL /home/joseph/DesignLab/sketchbook/libraries/PSK31/dds_acc.vhd 2015/09/27.16:13:09 P.28xd
EN DesignLab/zpuino_dds_acc 1456889063 \
      FL /home/joseph/DesignLab/sketchbook/libraries/PSK31/dds_acc.vhd \
      PB ieee/std_logic_1164 1341906176 PB ieee/NUMERIC_STD 1341906182 \
      PB ieee/MATH_REAL 1341906183
AR DesignLab/zpuino_dds_acc/arch 1456889064 \
      FL /home/joseph/DesignLab/sketchbook/libraries/PSK31/dds_acc.vhd \
      EN DesignLab/zpuino_dds_acc 1456889063
FL /home/joseph/DesignLab/sketchbook/libraries/PSK31/phase_shifter.vhd 2015/09/27.16:17:05 P.28xd
EN DesignLab/zpuino_phase_shifter 1456889065 \
      FL /home/joseph/DesignLab/sketchbook/libraries/PSK31/phase_shifter.vhd \
      PB ieee/std_logic_1164 1341906176 PB ieee/NUMERIC_STD 1341906182 \
      PB ieee/MATH_REAL 1341906183 PB ieee/std_logic_misc 1341906178
AR DesignLab/zpuino_phase_shifter/arch 1456889066 \
      FL /home/joseph/DesignLab/sketchbook/libraries/PSK31/phase_shifter.vhd \
      EN DesignLab/zpuino_phase_shifter 1456889065
