AR wing_gpio behavioral /home/joseph/DesignLab/libraries/Papilio_Hardware/Wing_GPIO.vhd sub00/vhpl16 1444268247
EN i2c_master_bit_ctrl NULL /home/joseph/DesignLab/libraries/ZPUino_Wishbone_Peripherals/i2c_master_bit_ctrl.vhd sub00/vhpl00 1444268229
EN zpuino_papilio_one_500k_v2 NULL /home/joseph/DesignLab/libraries/ZPUino_2/ZPUino_Papilio_One_500K_V2.vhd sub00/vhpl17 1444268248
EN wing_gpio NULL /home/joseph/DesignLab/libraries/Papilio_Hardware/Wing_GPIO.vhd sub00/vhpl15 1444268246
AR zpuino_papilio_one_500k_v2 behave /home/joseph/DesignLab/libraries/ZPUino_2/ZPUino_Papilio_One_500K_V2.vhd sub00/vhpl18 1444268249
AR i2c_master_byte_ctrl structural /home/joseph/DesignLab/libraries/ZPUino_Wishbone_Peripherals/i2c_master_byte_ctrl.vhd sub00/vhpl03 1444268232
EN i2c_master_byte_ctrl NULL /home/joseph/DesignLab/libraries/ZPUino_Wishbone_Peripherals/i2c_master_byte_ctrl.vhd sub00/vhpl02 1444268231
AR i2c behavioral /home/joseph/DesignLab/sketchbook/libraries/i2c/i2c.vhd sub00/vhpl20 1444268251
AR isync behave /home/joseph/DesignLab/libraries/ZPUino_2/pad.vhd sub00/vhpl06 1444268235
EN i2c NULL /home/joseph/DesignLab/sketchbook/libraries/i2c/i2c.vhd sub00/vhpl19 1444268250
EN opad NULL /home/joseph/DesignLab/libraries/ZPUino_2/pad.vhd sub00/vhpl11 1444268240
EN papilio_default_wing_pinout NULL /home/joseph/DesignLab/libraries/Papilio_Hardware/Papilio_Default_Wing_Pinout.vhd sub00/vhpl13 1444268244
EN iopad NULL /home/joseph/DesignLab/libraries/ZPUino_2/pad.vhd sub00/vhpl07 1444268236
AR i2c_master_bit_ctrl structural /home/joseph/DesignLab/libraries/ZPUino_Wishbone_Peripherals/i2c_master_bit_ctrl.vhd sub00/vhpl01 1444268230
AR opad behave /home/joseph/DesignLab/libraries/ZPUino_2/pad.vhd sub00/vhpl12 1444268241
PH pad NULL /home/joseph/DesignLab/libraries/ZPUino_2/pad.vhd sub00/vhpl04 1444268233
EN isync NULL /home/joseph/DesignLab/libraries/ZPUino_2/pad.vhd sub00/vhpl05 1444268234
EN ipad NULL /home/joseph/DesignLab/libraries/ZPUino_2/pad.vhd sub00/vhpl09 1444268238
AR wm8731 behavioral /home/joseph/DesignLab/sketchbook/libraries/WM8731/WM8731.vhd sub00/vhpl22 1444268253
EN wm8731 NULL /home/joseph/DesignLab/sketchbook/libraries/WM8731/WM8731.vhd sub00/vhpl21 1444268252
AR iopad behave /home/joseph/DesignLab/libraries/ZPUino_2/pad.vhd sub00/vhpl08 1444268237
AR ipad behave /home/joseph/DesignLab/libraries/ZPUino_2/pad.vhd sub00/vhpl10 1444268239
AR papilio_default_wing_pinout behavioral /home/joseph/DesignLab/libraries/Papilio_Hardware/Papilio_Default_Wing_Pinout.vhd sub00/vhpl14 1444268245
