V3 45
FL /home/joseph/DesignLab/libraries/Papilio_Hardware/Papilio_Default_Wing_Pinout.vhd 2015/04/01.17:16:57 P.28xd
EN DesignLab/Papilio_Default_Wing_Pinout 1444268244 \
      FL /home/joseph/DesignLab/libraries/Papilio_Hardware/Papilio_Default_Wing_Pinout.vhd \
      PB ieee/std_logic_1164 1341906176 PB ieee/NUMERIC_STD 1341906182 LB UNISIM \
      PH unisim/VCOMPONENTS 1341906184
AR DesignLab/Papilio_Default_Wing_Pinout/BEHAVIORAL 1444268245 \
      FL /home/joseph/DesignLab/libraries/Papilio_Hardware/Papilio_Default_Wing_Pinout.vhd \
      EN DesignLab/Papilio_Default_Wing_Pinout 1444268244 CP IOPAD
FL /home/joseph/DesignLab/libraries/Papilio_Hardware/Wing_GPIO.vhd 2015/04/01.17:16:57 P.28xd
EN DesignLab/Wing_GPIO 1444268246 \
      FL /home/joseph/DesignLab/libraries/Papilio_Hardware/Wing_GPIO.vhd \
      PB ieee/std_logic_1164 1341906176
AR DesignLab/Wing_GPIO/Behavioral 1444268247 \
      FL /home/joseph/DesignLab/libraries/Papilio_Hardware/Wing_GPIO.vhd \
      EN DesignLab/Wing_GPIO 1444268246
FL /home/joseph/DesignLab/libraries/ZPUino_2/pad.vhd 2015/04/01.17:16:58 P.28xd
PH DesignLab/pad 1444268233 FL /home/joseph/DesignLab/libraries/ZPUino_2/pad.vhd \
      PB ieee/std_logic_1164 1341906176 PB ieee/NUMERIC_STD 1341906182 LB UNISIM \
      PH unisim/VCOMPONENTS 1341906184 CD iopad CD ipad CD opad CD isync
EN DesignLab/isync 1444268234 \
      FL /home/joseph/DesignLab/libraries/ZPUino_2/pad.vhd PB ieee/std_logic_1164 1341906176 \
      PB ieee/NUMERIC_STD 1341906182 LB UNISIM PH unisim/VCOMPONENTS 1341906184
AR DesignLab/isync/behave 1444268235 \
      FL /home/joseph/DesignLab/libraries/ZPUino_2/pad.vhd EN DesignLab/isync 1444268234 \
      CP FD
EN DesignLab/iopad 1444268236 \
      FL /home/joseph/DesignLab/libraries/ZPUino_2/pad.vhd PB ieee/std_logic_1164 1341906176 \
      PB ieee/NUMERIC_STD 1341906182 PH DesignLab/pad 1444268233 LB UNISIM \
      PH unisim/VCOMPONENTS 1341906184
AR DesignLab/iopad/behave 1444268237 \
      FL /home/joseph/DesignLab/libraries/ZPUino_2/pad.vhd EN DesignLab/iopad 1444268236 \
      CP isync
EN DesignLab/ipad 1444268238 \
      FL /home/joseph/DesignLab/libraries/ZPUino_2/pad.vhd PB ieee/std_logic_1164 1341906176 \
      PB ieee/NUMERIC_STD 1341906182 PH DesignLab/pad 1444268233 LB UNISIM \
      PH unisim/VCOMPONENTS 1341906184
AR DesignLab/ipad/behave 1444268239 \
      FL /home/joseph/DesignLab/libraries/ZPUino_2/pad.vhd EN DesignLab/ipad 1444268238 \
      CP isync
EN DesignLab/opad 1444268240 \
      FL /home/joseph/DesignLab/libraries/ZPUino_2/pad.vhd PB ieee/std_logic_1164 1341906176 \
      PB ieee/NUMERIC_STD 1341906182 PH DesignLab/pad 1444268233 LB UNISIM \
      PH unisim/VCOMPONENTS 1341906184
AR DesignLab/opad/behave 1444268241 \
      FL /home/joseph/DesignLab/libraries/ZPUino_2/pad.vhd EN DesignLab/opad 1444268240 \
      CP OBUF
FL /home/joseph/DesignLab/libraries/ZPUino_2/ZPUino_Papilio_One_500K_V2.vhd 2015/04/01.17:16:58 P.28xd
EN DesignLab/ZPUino_Papilio_One_500K_V2 1444268248 \
      FL /home/joseph/DesignLab/libraries/ZPUino_2/ZPUino_Papilio_One_500K_V2.vhd \
      PB ieee/std_logic_1164 1341906176 PB ieee/NUMERIC_STD 1341906182
AR DesignLab/ZPUino_Papilio_One_500K_V2/behave 1444268249 \
      FL /home/joseph/DesignLab/libraries/ZPUino_2/ZPUino_Papilio_One_500K_V2.vhd \
      EN DesignLab/ZPUino_Papilio_One_500K_V2 1444268248 \
      CP ZPUino_Papilio_One_V2_blackbox
FL /home/joseph/DesignLab/libraries/ZPUino_Wishbone_Peripherals/i2c_master_bit_ctrl.vhd 2015/06/16.11:46:57 P.28xd
EN DesignLab/i2c_master_bit_ctrl 1444268229 \
      FL /home/joseph/DesignLab/libraries/ZPUino_Wishbone_Peripherals/i2c_master_bit_ctrl.vhd \
      PB ieee/std_logic_1164 1341906176 PB ieee/NUMERIC_STD 1341906182
AR DesignLab/i2c_master_bit_ctrl/structural 1444268230 \
      FL /home/joseph/DesignLab/libraries/ZPUino_Wishbone_Peripherals/i2c_master_bit_ctrl.vhd \
      EN DesignLab/i2c_master_bit_ctrl 1444268229
FL /home/joseph/DesignLab/libraries/ZPUino_Wishbone_Peripherals/i2c_master_byte_ctrl.vhd 2015/06/16.11:46:57 P.28xd
EN DesignLab/i2c_master_byte_ctrl 1444268231 \
      FL /home/joseph/DesignLab/libraries/ZPUino_Wishbone_Peripherals/i2c_master_byte_ctrl.vhd \
      PB ieee/std_logic_1164 1341906176 PB ieee/NUMERIC_STD 1341906182
AR DesignLab/i2c_master_byte_ctrl/structural 1444268232 \
      FL /home/joseph/DesignLab/libraries/ZPUino_Wishbone_Peripherals/i2c_master_byte_ctrl.vhd \
      EN DesignLab/i2c_master_byte_ctrl 1444268231 CP i2c_master_bit_ctrl
FL /home/joseph/DesignLab/sketchbook/libraries/i2c/i2c.vhd 2015/10/04.15:28:41 P.28xd
EN DesignLab/i2c 1444268250 \
      FL /home/joseph/DesignLab/sketchbook/libraries/i2c/i2c.vhd \
      PB ieee/std_logic_1164 1341906176 PB ieee/NUMERIC_STD 1341906182 LB UNISIM \
      PH unisim/VCOMPONENTS 1341906184 LB DesignLab
AR DesignLab/i2c/BEHAVIORAL 1444268251 \
      FL /home/joseph/DesignLab/sketchbook/libraries/i2c/i2c.vhd EN DesignLab/i2c 1444268250 \
      CP i2c_master_byte_ctrl
FL /home/joseph/DesignLab/sketchbook/libraries/WM8731/WM8731.vhd 2015/10/07.21:10:15 P.28xd
EN DesignLab/WM8731 1444268252 \
      FL /home/joseph/DesignLab/sketchbook/libraries/WM8731/WM8731.vhd \
      PB ieee/std_logic_1164 1341906176 PB ieee/NUMERIC_STD 1341906182 \
      PB ieee/std_logic_misc 1341906178 LB UNISIM PH unisim/VCOMPONENTS 1341906184 \
      LB DesignLab
AR DesignLab/WM8731/BEHAVIORAL 1444268253 \
      FL /home/joseph/DesignLab/sketchbook/libraries/WM8731/WM8731.vhd \
      EN DesignLab/WM8731 1444268252 CP async_fifo
