V3 52
FL /home/joseph/DesignLab/libraries/Building_Blocks/bus8.vhd 2015/04/01.17:16:57 P.28xd
EN DesignLab/bus8 1443476161 \
      FL /home/joseph/DesignLab/libraries/Building_Blocks/bus8.vhd \
      PB ieee/std_logic_1164 1341906176 PB ieee/NUMERIC_STD 1341906182 LB UNISIM \
      PH unisim/VCOMPONENTS 1341906184
AR DesignLab/bus8/BEHAVIORAL 1443476162 \
      FL /home/joseph/DesignLab/libraries/Building_Blocks/bus8.vhd \
      EN DesignLab/bus8 1443476161
FL /home/joseph/DesignLab/libraries/Papilio_Hardware/Papilio_Default_Wing_Pinout.vhd 2015/04/01.17:16:57 P.28xd
EN DesignLab/Papilio_Default_Wing_Pinout 1443476163 \
      FL /home/joseph/DesignLab/libraries/Papilio_Hardware/Papilio_Default_Wing_Pinout.vhd \
      PB ieee/std_logic_1164 1341906176 PB ieee/NUMERIC_STD 1341906182 LB UNISIM \
      PH unisim/VCOMPONENTS 1341906184
AR DesignLab/Papilio_Default_Wing_Pinout/BEHAVIORAL 1443476164 \
      FL /home/joseph/DesignLab/libraries/Papilio_Hardware/Papilio_Default_Wing_Pinout.vhd \
      EN DesignLab/Papilio_Default_Wing_Pinout 1443476163 CP IOPAD
FL /home/joseph/DesignLab/libraries/Papilio_Hardware/Wing_GPIO.vhd 2015/04/01.17:16:57 P.28xd
EN DesignLab/Wing_GPIO 1443476165 \
      FL /home/joseph/DesignLab/libraries/Papilio_Hardware/Wing_GPIO.vhd \
      PB ieee/std_logic_1164 1341906176
AR DesignLab/Wing_GPIO/Behavioral 1443476166 \
      FL /home/joseph/DesignLab/libraries/Papilio_Hardware/Wing_GPIO.vhd \
      EN DesignLab/Wing_GPIO 1443476165
FL /home/joseph/DesignLab/libraries/ZPUino_2/pad.vhd 2015/04/01.17:16:58 P.28xd
PH DesignLab/pad 1443476150 FL /home/joseph/DesignLab/libraries/ZPUino_2/pad.vhd \
      PB ieee/std_logic_1164 1341906176 PB ieee/NUMERIC_STD 1341906182 LB UNISIM \
      PH unisim/VCOMPONENTS 1341906184 CD iopad CD ipad CD opad CD isync
EN DesignLab/isync 1443476151 \
      FL /home/joseph/DesignLab/libraries/ZPUino_2/pad.vhd PB ieee/std_logic_1164 1341906176 \
      PB ieee/NUMERIC_STD 1341906182 LB UNISIM PH unisim/VCOMPONENTS 1341906184
AR DesignLab/isync/behave 1443476152 \
      FL /home/joseph/DesignLab/libraries/ZPUino_2/pad.vhd EN DesignLab/isync 1443476151 \
      CP FD
EN DesignLab/iopad 1443476153 \
      FL /home/joseph/DesignLab/libraries/ZPUino_2/pad.vhd PB ieee/std_logic_1164 1341906176 \
      PB ieee/NUMERIC_STD 1341906182 PH DesignLab/pad 1443476150 LB UNISIM \
      PH unisim/VCOMPONENTS 1341906184
AR DesignLab/iopad/behave 1443476154 \
      FL /home/joseph/DesignLab/libraries/ZPUino_2/pad.vhd EN DesignLab/iopad 1443476153 \
      CP isync
EN DesignLab/ipad 1443476155 \
      FL /home/joseph/DesignLab/libraries/ZPUino_2/pad.vhd PB ieee/std_logic_1164 1341906176 \
      PB ieee/NUMERIC_STD 1341906182 PH DesignLab/pad 1443476150 LB UNISIM \
      PH unisim/VCOMPONENTS 1341906184
AR DesignLab/ipad/behave 1443476156 \
      FL /home/joseph/DesignLab/libraries/ZPUino_2/pad.vhd EN DesignLab/ipad 1443476155 \
      CP isync
EN DesignLab/opad 1443476157 \
      FL /home/joseph/DesignLab/libraries/ZPUino_2/pad.vhd PB ieee/std_logic_1164 1341906176 \
      PB ieee/NUMERIC_STD 1341906182 PH DesignLab/pad 1443476150 LB UNISIM \
      PH unisim/VCOMPONENTS 1341906184
AR DesignLab/opad/behave 1443476158 \
      FL /home/joseph/DesignLab/libraries/ZPUino_2/pad.vhd EN DesignLab/opad 1443476157 \
      CP OBUF
FL /home/joseph/DesignLab/libraries/ZPUino_2/ZPUino_Papilio_One_500K_V2.vhd 2015/04/01.17:16:58 P.28xd
EN DesignLab/ZPUino_Papilio_One_500K_V2 1443476167 \
      FL /home/joseph/DesignLab/libraries/ZPUino_2/ZPUino_Papilio_One_500K_V2.vhd \
      PB ieee/std_logic_1164 1341906176 PB ieee/NUMERIC_STD 1341906182
AR DesignLab/ZPUino_Papilio_One_500K_V2/behave 1443476168 \
      FL /home/joseph/DesignLab/libraries/ZPUino_2/ZPUino_Papilio_One_500K_V2.vhd \
      EN DesignLab/ZPUino_Papilio_One_500K_V2 1443476167 \
      CP ZPUino_Papilio_One_V2_blackbox
FL /home/joseph/DesignLab/sketchbook/libraries/PSK31/dds_acc.vhd 2015/09/27.16:13:09 P.28xd
EN DesignLab/zpuino_dds_acc 1443476142 \
      FL /home/joseph/DesignLab/sketchbook/libraries/PSK31/dds_acc.vhd \
      PB ieee/std_logic_1164 1341906176 PB ieee/NUMERIC_STD 1341906182 \
      PB ieee/MATH_REAL 1341906183
AR DesignLab/zpuino_dds_acc/arch 1443476143 \
      FL /home/joseph/DesignLab/sketchbook/libraries/PSK31/dds_acc.vhd \
      EN DesignLab/zpuino_dds_acc 1443476142
FL /home/joseph/DesignLab/sketchbook/libraries/PSK31/dds_rom.vhd 2015/09/27.16:14:55 P.28xd
EN DesignLab/zpuino_dds_rom 1443476144 \
      FL /home/joseph/DesignLab/sketchbook/libraries/PSK31/dds_rom.vhd \
      PB ieee/std_logic_1164 1341906176 PB ieee/NUMERIC_STD 1341906182 \
      PB ieee/MATH_REAL 1341906183
AR DesignLab/zpuino_dds_rom/rtl 1443476145 \
      FL /home/joseph/DesignLab/sketchbook/libraries/PSK31/dds_rom.vhd \
      EN DesignLab/zpuino_dds_rom 1443476144
FL /home/joseph/DesignLab/sketchbook/libraries/PSK31/phase_acc.vhd 2015/09/27.16:15:59 P.28xd
EN DesignLab/zpuino_phase_acc 1443476146 \
      FL /home/joseph/DesignLab/sketchbook/libraries/PSK31/phase_acc.vhd \
      PB ieee/std_logic_1164 1341906176 PB ieee/NUMERIC_STD 1341906182 \
      PB ieee/MATH_REAL 1341906183
AR DesignLab/zpuino_phase_acc/arch 1443476147 \
      FL /home/joseph/DesignLab/sketchbook/libraries/PSK31/phase_acc.vhd \
      EN DesignLab/zpuino_phase_acc 1443476146
FL /home/joseph/DesignLab/sketchbook/libraries/PSK31/phase_shifter.vhd 2015/09/27.16:17:05 P.28xd
EN DesignLab/zpuino_phase_shifter 1443476148 \
      FL /home/joseph/DesignLab/sketchbook/libraries/PSK31/phase_shifter.vhd \
      PB ieee/std_logic_1164 1341906176 PB ieee/NUMERIC_STD 1341906182 \
      PB ieee/MATH_REAL 1341906183 PB ieee/std_logic_misc 1341906178
AR DesignLab/zpuino_phase_shifter/arch 1443476149 \
      FL /home/joseph/DesignLab/sketchbook/libraries/PSK31/phase_shifter.vhd \
      EN DesignLab/zpuino_phase_shifter 1443476148
FL /home/joseph/DesignLab/sketchbook/libraries/PSK31/PSK31.vhd 2015/09/28.17:35:35 P.28xd
EN DesignLab/PSK31 1443476169 \
      FL /home/joseph/DesignLab/sketchbook/libraries/PSK31/PSK31.vhd \
      PB ieee/std_logic_1164 1341906176 PB ieee/NUMERIC_STD 1341906182 \
      PB ieee/MATH_REAL 1341906183 PB ieee/std_logic_misc 1341906178 PB std/TEXTIO 1341906175 \
      LB UNISIM PH unisim/VCOMPONENTS 1341906184 LB DesignLab
AR DesignLab/PSK31/BEHAVIORAL 1443476170 \
      FL /home/joseph/DesignLab/sketchbook/libraries/PSK31/PSK31.vhd \
      EN DesignLab/PSK31 1443476169 CP zpuino_dds_acc CP zpuino_dds_rom \
      CP zpuino_phase_acc CP zpuino_phase_shifter
