V3 44
FL /home/joseph/DesignLab/libraries/Building_Blocks/bus8.vhd 2015/04/01.17:16:57 P.28xd
EN DesignLab/bus8 1443322371 \
      FL /home/joseph/DesignLab/libraries/Building_Blocks/bus8.vhd \
      PB ieee/std_logic_1164 1341906176 PB ieee/NUMERIC_STD 1341906182 LB UNISIM \
      PH unisim/VCOMPONENTS 1341906184
AR DesignLab/bus8/BEHAVIORAL 1443322372 \
      FL /home/joseph/DesignLab/libraries/Building_Blocks/bus8.vhd \
      EN DesignLab/bus8 1443322371
FL /home/joseph/DesignLab/libraries/Papilio_Hardware/Papilio_Default_Wing_Pinout.vhd 2015/04/01.17:16:57 P.28xd
EN DesignLab/Papilio_Default_Wing_Pinout 1443322373 \
      FL /home/joseph/DesignLab/libraries/Papilio_Hardware/Papilio_Default_Wing_Pinout.vhd \
      PB ieee/std_logic_1164 1341906176 PB ieee/NUMERIC_STD 1341906182 LB UNISIM \
      PH unisim/VCOMPONENTS 1341906184
AR DesignLab/Papilio_Default_Wing_Pinout/BEHAVIORAL 1443322374 \
      FL /home/joseph/DesignLab/libraries/Papilio_Hardware/Papilio_Default_Wing_Pinout.vhd \
      EN DesignLab/Papilio_Default_Wing_Pinout 1443322373 CP IOPAD
FL /home/joseph/DesignLab/libraries/Papilio_Hardware/Wing_GPIO.vhd 2015/04/01.17:16:57 P.28xd
EN DesignLab/Wing_GPIO 1443322375 \
      FL /home/joseph/DesignLab/libraries/Papilio_Hardware/Wing_GPIO.vhd \
      PB ieee/std_logic_1164 1341906176
AR DesignLab/Wing_GPIO/Behavioral 1443322376 \
      FL /home/joseph/DesignLab/libraries/Papilio_Hardware/Wing_GPIO.vhd \
      EN DesignLab/Wing_GPIO 1443322375
FL /home/joseph/DesignLab/libraries/ZPUino_2/pad.vhd 2015/04/01.17:16:58 P.28xd
PH DesignLab/pad 1443322360 FL /home/joseph/DesignLab/libraries/ZPUino_2/pad.vhd \
      PB ieee/std_logic_1164 1341906176 PB ieee/NUMERIC_STD 1341906182 LB UNISIM \
      PH unisim/VCOMPONENTS 1341906184 CD iopad CD ipad CD opad CD isync
EN DesignLab/isync 1443322361 \
      FL /home/joseph/DesignLab/libraries/ZPUino_2/pad.vhd PB ieee/std_logic_1164 1341906176 \
      PB ieee/NUMERIC_STD 1341906182 LB UNISIM PH unisim/VCOMPONENTS 1341906184
AR DesignLab/isync/behave 1443322362 \
      FL /home/joseph/DesignLab/libraries/ZPUino_2/pad.vhd EN DesignLab/isync 1443322361 \
      CP FD
EN DesignLab/iopad 1443322363 \
      FL /home/joseph/DesignLab/libraries/ZPUino_2/pad.vhd PB ieee/std_logic_1164 1341906176 \
      PB ieee/NUMERIC_STD 1341906182 PH DesignLab/pad 1443322360 LB UNISIM \
      PH unisim/VCOMPONENTS 1341906184
AR DesignLab/iopad/behave 1443322364 \
      FL /home/joseph/DesignLab/libraries/ZPUino_2/pad.vhd EN DesignLab/iopad 1443322363 \
      CP isync
EN DesignLab/ipad 1443322365 \
      FL /home/joseph/DesignLab/libraries/ZPUino_2/pad.vhd PB ieee/std_logic_1164 1341906176 \
      PB ieee/NUMERIC_STD 1341906182 PH DesignLab/pad 1443322360 LB UNISIM \
      PH unisim/VCOMPONENTS 1341906184
AR DesignLab/ipad/behave 1443322366 \
      FL /home/joseph/DesignLab/libraries/ZPUino_2/pad.vhd EN DesignLab/ipad 1443322365 \
      CP isync
EN DesignLab/opad 1443322367 \
      FL /home/joseph/DesignLab/libraries/ZPUino_2/pad.vhd PB ieee/std_logic_1164 1341906176 \
      PB ieee/NUMERIC_STD 1341906182 PH DesignLab/pad 1443322360 LB UNISIM \
      PH unisim/VCOMPONENTS 1341906184
AR DesignLab/opad/behave 1443322368 \
      FL /home/joseph/DesignLab/libraries/ZPUino_2/pad.vhd EN DesignLab/opad 1443322367 \
      CP OBUF
FL /home/joseph/DesignLab/libraries/ZPUino_2/ZPUino_Papilio_One_500K_V2.vhd 2015/04/01.17:16:58 P.28xd
EN DesignLab/ZPUino_Papilio_One_500K_V2 1443322377 \
      FL /home/joseph/DesignLab/libraries/ZPUino_2/ZPUino_Papilio_One_500K_V2.vhd \
      PB ieee/std_logic_1164 1341906176 PB ieee/NUMERIC_STD 1341906182
AR DesignLab/ZPUino_Papilio_One_500K_V2/behave 1443322378 \
      FL /home/joseph/DesignLab/libraries/ZPUino_2/ZPUino_Papilio_One_500K_V2.vhd \
      EN DesignLab/ZPUino_Papilio_One_500K_V2 1443322377 \
      CP ZPUino_Papilio_One_V2_blackbox
FL /home/joseph/DesignLab/sketchbook/libraries/NCO/dds_acc.vhd 2015/09/20.21:46:24 P.28xd
EN DesignLab/dds_acc 1443322356 \
      FL /home/joseph/DesignLab/sketchbook/libraries/NCO/dds_acc.vhd \
      PB ieee/std_logic_1164 1341906176 PB ieee/NUMERIC_STD 1341906182 \
      PB ieee/MATH_REAL 1341906183
AR DesignLab/dds_acc/arch 1443322357 \
      FL /home/joseph/DesignLab/sketchbook/libraries/NCO/dds_acc.vhd \
      EN DesignLab/dds_acc 1443322356
FL /home/joseph/DesignLab/sketchbook/libraries/NCO/dds_rom.vhd 2015/09/20.21:48:34 P.28xd
EN DesignLab/dds_rom 1443322358 \
      FL /home/joseph/DesignLab/sketchbook/libraries/NCO/dds_rom.vhd \
      PB ieee/std_logic_1164 1341906176 PB ieee/NUMERIC_STD 1341906182 \
      PB ieee/MATH_REAL 1341906183
AR DesignLab/dds_rom/rtl 1443322359 \
      FL /home/joseph/DesignLab/sketchbook/libraries/NCO/dds_rom.vhd \
      EN DesignLab/dds_rom 1443322358
FL /home/joseph/DesignLab/sketchbook/libraries/NCO/NCO.vhd 2015/09/26.22:52:22 P.28xd
EN DesignLab/NCO 1443322379 \
      FL /home/joseph/DesignLab/sketchbook/libraries/NCO/NCO.vhd \
      PB ieee/std_logic_1164 1341906176 PB ieee/NUMERIC_STD 1341906182 LB UNISIM \
      PH unisim/VCOMPONENTS 1341906184 LB DesignLab
AR DesignLab/NCO/behavioral 1443322380 \
      FL /home/joseph/DesignLab/sketchbook/libraries/NCO/NCO.vhd EN DesignLab/NCO 1443322379 \
      CP dds_acc CP dds_rom
