MO async_fifo NULL ../../../libraries/WM8731/async_fifo.v vlg65/async__fifo.bin 1445825374
MO GrayCounter NULL ../../../libraries/WM8731/GrayCounter.v vlg7F/_gray_counter.bin 1445825374
EN um232h NULL /home/joseph/DesignLab/sketchbook/SSB_XMTR/circuit/um232h.vhd sub00/vhpl02 1445987240
AR papilio_one_500k behavioral /home/joseph/DesignLab/sketchbook/SSB_XMTR/circuit/500K/Papilio_One_500K.vhf sub00/vhpl01 1445987245
AR um232h behavioral /home/joseph/DesignLab/sketchbook/SSB_XMTR/circuit/um232h.vhd sub00/vhpl03 1445987241
EN papilio_one_500k NULL /home/joseph/DesignLab/sketchbook/SSB_XMTR/circuit/500K/Papilio_One_500K.vhf sub00/vhpl00 1445987244
AR cordic_nco behavioral /home/joseph/DesignLab/sketchbook/SSB_XMTR/circuit/CORDIC_NCO.vhd sub00/vhpl05 1445987243
EN cordic_nco NULL /home/joseph/DesignLab/sketchbook/SSB_XMTR/circuit/CORDIC_NCO.vhd sub00/vhpl04 1445987242
MO async_flagack NULL ../async_flagack.v vlg26/async__flagack.bin 1445987219
